[2025-Feb-06 12:32:31.118 +01:00][39773:39773][info ] Logging initialized
[2025-Feb-06 12:34:32.846 +01:00][40739:40739][info ] Logging initialized
[2025-Feb-06 12:34:34.449 +01:00][40739:40739][info ] Logging initialized
[2025-Feb-06 16:49:41.695 +01:00][88420:88420][info ] Logging initialized
[2025-Feb-06 21:37:29.806 +01:00][148840:148840][info ] Logging initialized
[2025-Feb-08 18:54:57.874 +01:00][ 2394: 2394][info ] Logging initialized
[2025-Feb-08 21:38:12.694 +01:00][59117:59117][info ] Logging initialized
[2025-Feb-18 18:48:29.289 +01:00][ 1955: 1955][info ] Logging initialized
[2025-Feb-18 19:51:53.526 +01:00][21048:21048][info ] Logging initialized
[2025-Feb-18 20:18:09.513 +01:00][26914:26914][info ] Logging initialized
[2025-Feb-22 22:10:56.570 +01:00][11765:11765][info ] Logging initialized
[2025-Mar-06 20:32:41.144 +01:00][ 2782: 2782][info ] Logging initialized
[2025-Mar-16 18:24:53.972 +01:00][ 7955: 7955][info ] Logging initialized
[2025-Mar-18 19:54:38.361 +01:00][ 3043: 3043][info ] Logging initialized
[2025-Mar-18 20:17:11.326 +01:00][ 6206: 6206][info ] Logging initialized
[2025-Jun-08 19:48:37.020 +02:00][53633:53633][info ] Logging initialized
[2025-Jul-01 20:14:14.770 +02:00][ 3178: 3178][info ] Logging initialized
[2025-Jul-02 11:04:28.799 +02:00][  906:  906][info ] Logging initialized
[2025-Jul-03 21:01:19.106 +02:00][ 5398: 5398][info ] Logging initialized
[2025-Jul-04 11:55:28.074 +02:00][ 1206: 1206][info ] Logging initialized
[2025-Jul-06 20:52:18.326 +02:00][ 2008: 2008][info ] Logging initialized
[2025-Jul-07 21:01:31.438 +02:00][45956:45956][info ] Logging initialized
[2025-Jul-07 21:05:16.183 +02:00][  931:  931][info ] Logging initialized
[2025-Jul-08 20:15:39.494 +02:00][  927:  927][info ] Logging initialized
[2025-Jul-15 23:22:53.413 +02:00][ 1423: 1423][info ] Logging initialized
[2025-Jul-16 23:22:18.078 +02:00][29010:29010][info ] Logging initialized
[2025-Jul-21 00:19:58.743 +02:00][39879:39879][info ] Logging initialized
[2025-Jul-28 20:42:49.096 +02:00][22136:22136][info ] Logging initialized
[2025-Jul-28 21:14:33.046 +02:00][ 1213: 1213][info ] Logging initialized
[2025-Jul-30 19:47:00.048 +02:00][185933:185933][info ] Logging initialized
[2025-Jul-30 20:02:28.487 +02:00][209863:209863][info ] Logging initialized
[2025-Jul-31 00:46:35.901 +02:00][ 1227: 1227][info ] Logging initialized
[2025-Aug-01 21:01:58.649 +02:00][730404:730404][info ] Logging initialized
[2025-Aug-02 14:13:52.463 +02:00][286934:286934][info ] Logging initialized
[2025-Aug-03 20:19:14.303 +02:00][ 1198: 1198][info ] Logging initialized
[2025-Aug-06 01:26:33.071 +02:00][ 1215: 1215][info ] Logging initialized
[2025-Aug-07 01:04:41.145 +02:00][ 9397: 9397][info ] Logging initialized
[2025-Aug-08 22:04:24.751 +02:00][ 1225: 1225][info ] Logging initialized
[2025-Aug-20 22:02:23.560 +02:00][ 9087: 9087][info ] Logging initialized
[2025-Aug-20 23:54:49.603 +02:00][ 2417: 2417][info ] Logging initialized
[2025-Aug-24 20:20:55.973 +02:00][10567:10567][info ] Logging initialized
[2025-Aug-25 19:47:14.548 +02:00][14164:14164][info ] Logging initialized
[2025-Aug-26 15:47:18.194 +02:00][ 6034: 6034][info ] Logging initialized
[2025-Aug-27 19:02:21.683 +02:00][ 3772: 3772][info ] Logging initialized
[2025-Aug-28 15:42:31.283 +02:00][ 1848: 1848][info ] Logging initialized
[2025-Aug-28 15:47:58.304 +02:00][ 2310: 2310][info ] Logging initialized
[2025-Aug-30 11:41:56.485 +02:00][ 3128: 3128][info ] Logging initialized
[2025-Aug-31 14:42:10.114 +02:00][ 2261: 2261][info ] Logging initialized
[2025-Sep-01 19:13:40.555 +02:00][14388:14388][info ] Logging initialized
[2025-Sep-03 19:02:28.217 +02:00][10626:10626][info ] Logging initialized
[2025-Sep-04 16:06:10.107 +02:00][ 4601: 4601][info ] Logging initialized
[2025-Sep-04 16:45:51.940 +02:00][ 1643: 1643][info ] Logging initialized
[2025-Sep-05 14:40:35.377 +02:00][ 2015: 2015][info ] Logging initialized
[2025-Sep-06 12:02:23.861 +02:00][ 1214: 1214][info ] Logging initialized
[2025-Sep-06 12:14:23.599 +02:00][ 1213: 1213][info ] Logging initialized
[2025-Sep-06 12:17:45.019 +02:00][ 2090: 2090][info ] Logging initialized
[2025-Sep-07 01:12:34.216 +02:00][ 1466: 1466][info ] Logging initialized
[2025-Sep-07 14:00:23.705 +02:00][ 1227: 1227][info ] Logging initialized
[2025-Sep-07 14:09:14.453 +02:00][ 1214: 1214][info ] Logging initialized
[2025-Sep-07 14:38:12.917 +02:00][ 2984: 2984][info ] Logging initialized
[2025-Sep-10 22:47:54.744 +02:00][889820:889820][info ] Logging initialized
[2025-Sep-14 20:48:08.136 +02:00][ 1222: 1222][info ] Logging initialized
[2025-Sep-15 15:43:21.822 +02:00][ 1211: 1211][info ] Logging initialized
[2025-Sep-15 15:56:17.546 +02:00][ 2681: 2681][info ] Logging initialized
[2025-Sep-15 20:10:40.007 +02:00][ 1309: 1309][info ] Logging initialized
[2025-Sep-16 17:29:33.030 +02:00][ 1215: 1215][info ] Logging initialized
[2025-Sep-16 20:55:54.663 +02:00][28253:28253][info ] Logging initialized
[2025-Sep-16 21:40:43.597 +02:00][150324:150324][info ] Logging initialized
[2025-Sep-17 16:21:39.344 +02:00][ 2274: 2274][info ] Logging initialized
[2025-Sep-18 19:01:33.050 +02:00][ 1593: 1593][info ] Logging initialized
[2025-Sep-22 19:02:32.900 +02:00][ 8550: 8550][info ] Logging initialized
[2025-Sep-24 16:33:19.266 +02:00][ 2100: 2100][info ] Logging initialized
[2025-Sep-25 21:04:00.505 +02:00][ 1237: 1237][info ] Logging initialized
[2025-Oct-25 20:52:14.906 +02:00][43367:43367][info ] Logging initialized
[2025-Oct-26 16:58:50.279 +01:00][ 8333: 8333][info ] Logging initialized
[2025-Oct-26 18:08:05.546 +01:00][ 1604: 1604][info ] Logging initialized
[2025-Oct-28 18:39:53.416 +01:00][ 1693: 1693][info ] Logging initialized
[2025-Oct-29 19:27:47.522 +01:00][47492:47492][info ] Logging initialized
[2025-Oct-29 20:19:42.398 +01:00][ 4745: 4745][info ] Logging initialized
[2025-Oct-29 21:30:06.513 +01:00][25922:25922][info ] Logging initialized
[2025-Oct-31 14:16:37.465 +01:00][ 8433: 8433][info ] Logging initialized
[2025-Nov-02 02:03:59.179 +01:00][53466:53466][info ] Logging initialized
[2025-Nov-04 17:07:53.262 +01:00][401619:401619][info ] Logging initialized
[2025-Nov-05 22:40:18.441 +01:00][ 3527: 3527][info ] Logging initialized
[2025-Nov-06 19:04:45.965 +01:00][ 2193: 2193][info ] Logging initialized
[2025-Nov-07 17:30:02.500 +01:00][69602:69602][info ] Logging initialized
[2025-Nov-09 16:33:36.318 +01:00][11503:11503][info ] Logging initialized
[2025-Nov-10 19:14:21.468 +01:00][ 1779: 1779][info ] Logging initialized
[2025-Nov-12 20:16:37.187 +01:00][837823:837823][info ] Logging initialized
[2025-Nov-13 19:17:13.015 +01:00][34511:34511][info ] Logging initialized
[2025-Nov-16 17:07:34.060 +01:00][ 4255: 4255][info ] Logging initialized
[2025-Nov-17 21:23:07.864 +01:00][13685:13685][info ] Logging initialized
[2025-Nov-18 17:52:22.314 +01:00][ 8853: 8853][info ] Logging initialized
[2025-Nov-19 19:11:43.414 +01:00][ 3396: 3396][info ] Logging initialized
[2025-Nov-25 19:20:40.976 +01:00][ 1767: 1767][info ] Logging initialized
[2025-Nov-26 18:45:49.191 +01:00][ 1861: 1861][info ] Logging initialized
[2025-Dec-09 20:37:11.325 +01:00][ 3162: 3162][info ] Logging initialized
[2025-Dec-15 19:09:20.939 +01:00][ 1945: 1945][info ] Logging initialized
[2025-Dec-20 18:34:00.613 +01:00][ 2822: 2822][info ] Logging initialized
[2025-Dec-28 02:16:25.532 +01:00][521082:521082][info ] Logging initialized
[2026-Jan-01 17:57:29.531 +01:00][ 2389: 2389][info ] Logging initialized
[2026-Jan-02 12:55:05.013 +01:00][ 9686: 9686][info ] Logging initialized
[2026-Jan-03 00:34:48.111 +01:00][ 3049: 3049][info ] Logging initialized
[2026-Jan-03 17:25:14.117 +01:00][ 1695: 1695][info ] Logging initialized
[2026-Jan-04 15:41:19.786 +01:00][80107:80107][info ] Logging initialized
[2026-Jan-04 21:32:27.320 +01:00][ 3198: 3198][info ] Logging initialized
[2026-Jan-05 00:53:48.211 +01:00][67944:67944][info ] Logging initialized
[2026-Jan-05 19:04:52.618 +01:00][ 1621: 1621][info ] Logging initialized
[2026-Jan-06 15:28:15.227 +01:00][ 6744: 6744][info ] Logging initialized
[2026-Jan-07 18:13:29.338 +01:00][ 3267: 3267][info ] Logging initialized
[2026-Jan-08 14:45:53.643 +01:00][14730:14730][info ] Logging initialized
[2026-Jan-12 15:00:41.663 +01:00][ 2871: 2871][info ] Logging initialized
[2026-Jan-13 20:00:29.357 +01:00][ 2328: 2328][info ] Logging initialized
[2026-Jan-14 16:14:33.694 +01:00][ 4029: 4029][info ] Logging initialized
[2026-Jan-15 20:18:52.691 +01:00][ 3566: 3566][info ] Logging initialized
[2026-Jan-18 12:21:14.694 +01:00][ 2677: 2677][info ] Logging initialized
[2026-Jan-18 12:33:00.772 +01:00][ 1667: 1667][info ] Logging initialized
[2026-Jan-20 21:55:22.883 +01:00][ 2504: 2504][info ] Logging initialized
[2026-Jan-21 19:12:34.085 +01:00][ 1689: 1689][info ] Logging initialized
[2026-Jan-22 21:16:34.672 +01:00][20278:20278][info ] Logging initialized
