The selected window backend is x11 
Mono path[0] = '/home/pollen/.local/share/Steam/steamapps/common/Hollow Knight Silksong/Hollow Knight Silksong_Data/Managed'
Mono config path = '/home/pollen/.local/share/Steam/steamapps/common/Hollow Knight Silksong/Hollow Knight Silksong_Data/MonoBleedingEdge/etc'
Input System module state changed to: Initialized.
Display 0 'Philips 272P4 27"': 2560x1440 (primary device).
[Physics::Module] Initialized fallback backend.
[Physics::Module] Id: 0xdecafbad
Desktop is 2560 x 1440 @ 60 Hz
Initialize engine version: 6000.0.50f1-uum-100966-branch1 (359a00488d30)
[Subsystems] Discovering subsystems at path /home/pollen/.local/share/Steam/steamapps/common/Hollow Knight Silksong/Hollow Knight Silksong_Data/UnitySubsystems
GfxDevice: creating device client; kGfxThreadingModeThreaded
Renderer: NVIDIA GeForce GTX 1660 SUPER/PCIe/SSE2
Vendor:   NVIDIA Corporation
Version:  4.5.0 NVIDIA 580.82.07
GLES:     0
 GL_AMD_multi_draw_indirect GL_AMD_seamless_cubemap_per_texture GL_AMD_vertex_shader_viewport_index GL_AMD_vertex_shader_layer GL_ARB_arrays_of_arrays GL_ARB_base_instance GL_ARB_bindless_texture GL_ARB_blend_func_extended GL_ARB_buffer_storage GL_ARB_clear_buffer_object GL_ARB_clear_texture GL_ARB_clip_control GL_ARB_color_buffer_float GL_ARB_compressed_texture_pixel_storage GL_ARB_conservative_depth GL_ARB_compute_shader GL_ARB_compute_variable_group_size GL_ARB_conditional_render_inverted GL_ARB_copy_buffer GL_ARB_copy_image GL_ARB_cull_distance GL_ARB_debug_output GL_ARB_depth_buffer_float GL_ARB_depth_clamp GL_ARB_depth_texture GL_ARB_derivative_control GL_ARB_direct_state_access GL_ARB_draw_buffers GL_ARB_draw_buffers_blend GL_ARB_draw_indirect GL_ARB_draw_elements_base_vertex GL_ARB_draw_instanced GL_ARB_enhanced_layouts GL_ARB_ES2_compatibility GL_ARB_ES3_compatibility GL_ARB_ES3_1_compatibility GL_ARB_ES3_2_compatibility GL_ARB_explicit_attrib_location GL_ARB_explicit_uniform_location GL_ARB_fragmen
t_coord_conventions GL_ARB_fragment_layer_viewport GL_ARB_fragment_program GL_ARB_fragment_program_shadow GL_ARB_fragment_shader GL_ARB_fragment_shader_interlock GL_ARB_framebuffer_no_attachments GL_ARB_framebuffer_object GL_ARB_framebuffer_sRGB GL_ARB_geometry_shader4 GL_ARB_get_program_binary GL_ARB_get_texture_sub_image GL_ARB_gl_spirv GL_ARB_gpu_shader5 GL_ARB_gpu_shader_fp64 GL_ARB_gpu_shader_int64 GL_ARB_half_float_pixel GL_ARB_half_float_vertex GL_ARB_imaging GL_ARB_indirect_parameters GL_ARB_instanced_arrays GL_ARB_internalformat_query GL_ARB_internalformat_query2 GL_ARB_invalidate_subdata GL_ARB_map_buffer_alignment GL_ARB_map_buffer_range GL_ARB_multi_bind GL_ARB_multi_draw_indirect GL_ARB_multisample GL_ARB_multitexture GL_ARB_occlusion_query GL_ARB_occlusion_query2 GL_ARB_parallel_shader_compile GL_ARB_pipeline_statistics_query GL_ARB_pixel_buffer_object GL_ARB_point_parameters GL_ARB_point_sprite GL_ARB_polygon_offset_clamp GL_ARB_post_depth_coverage GL_ARB_program_interface_query GL_ARB_provoki
ng_vertex GL_ARB_query_buffer_object GL_ARB_robust_buffer_access_behavior GL_ARB_robustness GL_ARB_sample_locations GL_ARB_sample_shading GL_ARB_sampler_objects GL_ARB_seamless_cube_map GL_ARB_seamless_cubemap_per_texture GL_ARB_separate_shader_objects GL_ARB_shader_atomic_counter_ops GL_ARB_shader_atomic_counters GL_ARB_shader_ballot GL_ARB_shader_bit_encoding GL_ARB_shader_clock GL_ARB_shader_draw_parameters GL_ARB_shader_group_vote GL_ARB_shader_image_load_store GL_ARB_shader_image_size GL_ARB_shader_objects GL_ARB_shader_precision GL_ARB_shader_storage_buffer_object GL_ARB_shader_subroutine GL_ARB_shader_texture_image_samples GL_ARB_shader_texture_lod GL_ARB_shading_language_100 GL_ARB_shader_viewport_layer_array GL_ARB_shading_language_420pack GL_ARB_shading_language_include GL_ARB_shading_language_packing GL_ARB_shadow GL_ARB_sparse_buffer GL_ARB_sparse_texture GL_ARB_sparse_texture2 GL_ARB_sparse_texture_clamp GL_ARB_spirv_extensions GL_ARB_stencil_texturing GL_ARB_sync GL_ARB_tessellation_shader GL_A
RB_texture_barrier GL_ARB_texture_border_clamp GL_ARB_texture_buffer_object GL_ARB_texture_buffer_object_rgb32 GL_ARB_texture_buffer_range GL_ARB_texture_compression GL_ARB_texture_compression_bptc GL_ARB_texture_compression_rgtc GL_ARB_texture_cube_map GL_ARB_texture_cube_map_array GL_ARB_texture_env_add GL_ARB_texture_env_combine GL_ARB_texture_env_crossbar GL_ARB_texture_env_dot3 GL_ARB_texture_filter_anisotropic GL_ARB_texture_filter_minmax GL_ARB_texture_float GL_ARB_texture_gather GL_ARB_texture_mirror_clamp_to_edge GL_ARB_texture_mirrored_repeat GL_ARB_texture_multisample GL_ARB_texture_non_power_of_two GL_ARB_texture_query_levels GL_ARB_texture_query_lod GL_ARB_texture_rectangle GL_ARB_texture_rg GL_ARB_texture_rgb10_a2ui GL_ARB_texture_stencil8 GL_ARB_texture_storage GL_ARB_texture_storage_multisample GL_ARB_texture_swizzle GL_ARB_texture_view GL_ARB_timer_query GL_ARB_transform_feedback2 GL_ARB_transform_feedback3 GL_ARB_transform_feedback_instanced GL_ARB_transform_feedback_overflow_query GL_ARB_t
ranspose_matrix GL_ARB_uniform_buffer_object GL_ARB_vertex_array_bgra GL_ARB_vertex_array_object GL_ARB_vertex_attrib_64bit GL_ARB_vertex_attrib_binding GL_ARB_vertex_buffer_object GL_ARB_vertex_program GL_ARB_vertex_shader GL_ARB_vertex_type_10f_11f_11f_rev GL_ARB_vertex_type_2_10_10_10_rev GL_ARB_viewport_array GL_ARB_window_pos GL_ATI_draw_buffers GL_ATI_texture_float GL_ATI_texture_mirror_once GL_S3_s3tc GL_EXT_texture_env_add GL_EXT_abgr GL_EXT_bgra GL_EXT_bindable_uniform GL_EXT_blend_color GL_EXT_blend_equation_separate GL_EXT_blend_func_separate GL_EXT_blend_minmax GL_EXT_blend_subtract GL_EXT_compiled_vertex_array GL_EXT_Cg_shader GL_EXT_depth_bounds_test GL_EXT_direct_state_access GL_EXT_draw_buffers2 GL_EXT_draw_instanced GL_EXT_draw_range_elements GL_EXT_fog_coord GL_EXT_framebuffer_blit GL_EXT_framebuffer_multisample GL_EXTX_framebuffer_mixed_formats GL_EXT_framebuffer_multisample_blit_scaled GL_EXT_framebuffer_object GL_EXT_framebuffer_sRGB GL_EXT_geometry_shader4 GL_EXT_gpu_program_parameters 
GL_EXT_gpu_shader4 GL_EXT_multi_draw_arrays GL_EXT_multiview_texture_multisample GL_EXT_multiview_timer_query GL_EXT_packed_depth_stencil GL_EXT_packed_float GL_EXT_packed_pixels GL_EXT_pixel_buffer_object GL_EXT_point_parameters GL_EXT_polygon_offset_clamp GL_EXT_post_depth_coverage GL_EXT_provoking_vertex GL_EXT_raster_multisample GL_EXT_rescale_normal GL_EXT_secondary_color GL_EXT_separate_shader_objects GL_EXT_separate_specular_color GL_EXT_shader_image_load_formatted GL_EXT_shader_image_load_store GL_EXT_shader_integer_mix GL_EXT_shadow_funcs GL_EXT_sparse_texture2 GL_EXT_stencil_two_side GL_EXT_stencil_wrap GL_EXT_texture3D GL_EXT_texture_array GL_EXT_texture_buffer_object GL_EXT_texture_compression_dxt1 GL_EXT_texture_compression_latc GL_EXT_texture_compression_rgtc GL_EXT_texture_compression_s3tc GL_EXT_texture_cube_map GL_EXT_texture_edge_clamp GL_EXT_texture_env_combine GL_EXT_texture_env_dot3 GL_EXT_texture_filter_anisotropic GL_EXT_texture_filter_minmax GL_EXT_texture_integer GL_EXT_texture_lod G
L_EXT_texture_lod_bias GL_EXT_texture_mirror_clamp GL_EXT_texture_object GL_EXT_texture_shadow_lod GL_EXT_texture_shared_exponent GL_EXT_texture_sRGB GL_EXT_texture_sRGB_R8 GL_EXT_texture_sRGB_decode GL_EXT_texture_storage GL_EXT_texture_swizzle GL_EXT_timer_query GL_EXT_transform_feedback2 GL_EXT_vertex_array GL_EXT_vertex_array_bgra GL_EXT_vertex_attrib_64bit GL_EXT_window_rectangles GL_EXT_import_sync_object GL_NV_robustness_video_memory_purge GL_IBM_rasterpos_clip GL_IBM_texture_mirrored_repeat GL_KHR_context_flush_control GL_KHR_debug GL_EXT_memory_object GL_EXT_memory_object_fd GL_NV_memory_object_sparse GL_KHR_parallel_shader_compile GL_KHR_no_error GL_KHR_robust_buffer_access_behavior GL_KHR_robustness GL_EXT_semaphore GL_EXT_semaphore_fd GL_NV_timeline_semaphore GL_KHR_shader_subgroup GL_KTX_buffer_region GL_NV_alpha_to_coverage_dither_control GL_NV_bindless_multi_draw_indirect GL_NV_bindless_multi_draw_indirect_count GL_NV_bindless_texture GL_NV_blend_equation_advanced GL_NV_blend_equation_advanced
_coherent GL_NVX_blend_equation_advanced_multi_draw_buffers GL_NV_blend_minmax_factor GL_NV_blend_square GL_NV_clip_space_w_scaling GL_NV_command_list GL_NV_compute_program5 GL_NV_compute_shader_derivatives GL_NV_conditional_render GL_NV_conservative_raster GL_NV_conservative_raster_dilate GL_NV_conservative_raster_pre_snap GL_NV_conservative_raster_pre_snap_triangles GL_NV_conservative_raster_underestimation GL_NV_copy_depth_to_color GL_NV_copy_image GL_NV_depth_buffer_float GL_NV_depth_clamp GL_NV_draw_texture GL_NV_draw_vulkan_image GL_NV_ES1_1_compatibility GL_NV_ES3_1_compatibility GL_NV_explicit_multisample GL_NV_feature_query GL_NV_fence GL_NV_fill_rectangle GL_NV_float_buffer GL_NV_fog_distance GL_NV_fragment_coverage_to_color GL_NV_fragment_program GL_NV_fragment_program_option GL_NV_fragment_program2 GL_NV_fragment_shader_barycentric GL_NV_fragment_shader_interlock GL_NV_framebuffer_mixed_samples GL_NV_framebuffer_multisample_coverage GL_NV_geometry_shader4 GL_NV_geometry_shader_passthrough GL_NV_g
pu_program4 GL_NV_internalformat_sample_query GL_NV_gpu_program4_1 GL_NV_gpu_program5 GL_NV_gpu_program5_mem_extended GL_NV_gpu_program_fp64 GL_NV_gpu_program_multiview GL_NV_gpu_shader5 GL_NV_half_float GL_NV_light_max_exponent GL_NV_memory_attachment GL_NV_mesh_shader GL_NV_multisample_coverage GL_NV_multisample_filter_hint GL_NV_occlusion_query GL_NV_packed_depth_stencil GL_NV_parameter_buffer_object GL_NV_parameter_buffer_object2 GL_NV_path_rendering GL_NV_path_rendering_shared_edge GL_NV_pixel_data_range GL_NV_point_sprite GL_NV_primitive_restart GL_NV_query_resource GL_NV_query_resource_tag GL_NV_register_combiners GL_NV_register_combiners2 GL_NV_representative_fragment_test GL_NV_sample_locations GL_NV_sample_mask_override_coverage GL_NV_scissor_exclusive GL_NV_shader_atomic_counters GL_NV_shader_atomic_float GL_NV_shader_atomic_float64 GL_NV_shader_atomic_fp16_vector GL_NV_shader_atomic_int64 GL_NV_shader_buffer_load GL_NV_shader_storage_buffer_object GL_NV_shader_subgroup_partitioned GL_NV_shader_te
xture_footprint GL_NV_shading_rate_image GL_NV_stereo_view_rendering GL_NV_texgen_reflection GL_NV_texture_barrier GL_NV_texture_compression_vtc GL_NV_texture_env_combine4 GL_NV_texture_multisample GL_NV_texture_rectangle GL_NV_texture_rectangle_compressed GL_NV_texture_shader GL_NV_texture_shader2 GL_NV_texture_shader3 GL_NV_transform_feedback GL_NV_transform_feedback2 GL_NV_uniform_buffer_unified_memory GL_NV_uniform_buffer_std430_layout GL_NV_vdpau_interop GL_NV_vdpau_interop2 GL_NV_vertex_array_range GL_NV_vertex_array_range2 GL_NV_vertex_attrib_integer_64bit GL_NV_vertex_buffer_unified_memory GL_NV_vertex_program GL_NV_vertex_program1_1 GL_NV_vertex_program2 GL_NV_vertex_program2_option GL_NV_vertex_program3 GL_NV_viewport_array2 GL_NV_viewport_swizzle GL_NVX_conditional_render GL_NV_gpu_multicast GL_NVX_progress_fence GL_NVX_gpu_memory_info GL_NVX_nvenc_interop GL_NV_shader_thread_group GL_NV_shader_thread_shuffle GL_KHR_blend_equation_advanced GL_KHR_blend_equation_advanced_coherent GL_OVR_multiview G
L_OVR_multiview2 GL_SGIS_generate_mipmap GL_SGIS_texture_lod GL_SGIX_depth_texture GL_SGIX_shadow GL_SUN_slice_accum
OPENGL LOG: Creating OpenGL 4.5 graphics device ; Context level  <OpenGL 4.5> ; Context handle 636697208
Begin MonoManager ReloadAssembly
- Loaded All Assemblies, in  0.188 seconds
- Finished resetting the current domain, in  0.004 seconds
[Physics::Module] Selected backend.
[Physics::Module] Name: PhysX
[Physics::Module] Id: 0xf2b8ea05
[Physics::Module] SDK Version: 4.1.2
[Physics::Module] Integration Version: 1.0.0
[Physics::Module] Threading Mode: Multi-Threaded
Default vsync count 1
requesting resize 2560 x 1440
Using native desktop resolution 2560 x 1440
requesting fullscreen 2560 x 1440 at 0/1 Hz
Desktop is 2560 x 1440 @ 60 Hz
UnloadTime: 1.402576 ms
Steam initializing
[S_API] SteamAPI_Init(): Loaded '/home/pollen/.local/share/Steam/linux64/steamclient.so' OK.
Setting breakpad minidump AppID = 1030300
SteamInternal_SetMinidumpSteamID:  Caching Steam ID:  76561199206006114 [API loaded no]
Steam logged in as bjoernpollen
Selected online subsystem SteamOnlineSubsystem
Steam stats received.
Unloading 5 Unused Serialized files (Serialized files now loaded: 527)
UnloadTime: 3.304892 ms
Discovered supported languages: DE, EN, ES, FR, IT, JA, KO, PT, RU, ZH
Loaded saved language code 'EN'
Restored language code 'EN'
Couldn't find a Game Manager, make sure one exists in the scene.
Couldn't find GameCameras, make sure one exists in the scene.
Unloading 51 unused Assets to reduce memory usage. Loaded Objects now: 5763.
Total: 5.211447 ms (FindLiveObjects: 0.556392 ms CreateObjectMapping: 0.463496 ms MarkObjects: 4.158353 ms  DeleteObjects: 0.032841 ms)

Unloading 2 Unused Serialized files (Serialized files now loaded: 527)
Unloading 1 unused Assets to reduce memory usage. Loaded Objects now: 12993.
Total: 7.365608 ms (FindLiveObjects: 0.664589 ms CreateObjectMapping: 0.477419 ms MarkObjects: 6.203861 ms  DeleteObjects: 0.019445 ms)

Unloading 1 Unused Serialized files (Serialized files now loaded: 581)
Couldn't find GameCameras, make sure one exists in the scene.
Couldn't find a Game Manager, make sure one exists in the scene.
UnloadTime: 6.967044 ms
Loaded saved language code 'EN'
Restored language code 'EN'
Unloading 73 unused Assets to reduce memory usage. Loaded Objects now: 66577.
Total: 59.238662 ms (FindLiveObjects: 7.485599 ms CreateObjectMapping: 8.237415 ms MarkObjects: 42.401215 ms  DeleteObjects: 1.113634 ms)

Game controller Generic Controller attached
Unable to match controller of name (Generic Controller), will attempt default mapping set.Unknown
Unable to match controller of name (Generic Controller), will attempt default mapping set.Unknown
MenuButton missing flashEffect!
Making UI menu lean.
Only custom filters can be played. Please add a custom filter or an audioclip to the audiosource (Audio Player Actor Distant V2(Clone)).
Only custom filters can be played. Please add a custom filter or an audioclip to the audiosource (Audio Player Actor Distant V2(Clone)).
Only custom filters can be played. Please add a custom filter or an audioclip to the audiosource (Audio Player Actor Distant V2(Clone)).
Unloading 3 Unused Serialized files (Serialized files now loaded: 586)
Unloading 107 unused Assets to reduce memory usage. Loaded Objects now: 113029.
Total: 74.224124 ms (FindLiveObjects: 6.438552 ms CreateObjectMapping: 3.387691 ms MarkObjects: 63.479067 ms  DeleteObjects: 0.918403 ms)

Converting Vertex Colors from Color32 to Color.
Converting Vertex Colors from Color32 to Color.
Converting Vertex Colors from Color32 to Color.
Only custom filters can be played. Please add a custom filter or an audioclip to the audiosource (Audio Player Actor Distant V2(Clone)).
Only custom filters can be played. Please add a custom filter or an audioclip to the audiosource (Audio Player Actor Distant V2(Clone)).
The referenced script (Unknown) on this Behaviour is missing!
Could Not Create Action: : Behaviour: Sing:  (Maybe the script was removed?)
Could Not Create Action: : Behaviour: Sing:  (Maybe the script was removed?)
The referenced script on this Behaviour (Game Object 'Gate NPC') is missing!
Unloading 2 Unused Serialized files (Serialized files now loaded: 616)
Unloading 5762 unused Assets to reduce memory usage. Loaded Objects now: 134075.
Total: 111.082844 ms (FindLiveObjects: 8.363171 ms CreateObjectMapping: 3.432057 ms MarkObjects: 79.385284 ms  DeleteObjects: 19.901994 ms)

Only custom filters can be played. Please add a custom filter or an audioclip to the audiosource (Audio Player Actor Distant V2(Clone)).
Only custom filters can be played. Please add a custom filter or an audioclip to the audiosource (Audio Player Actor Distant V2(Clone)).
The referenced script (Unknown) on this Behaviour is missing!
Could Not Create Action: : Behaviour: Sing:  (Maybe the script was removed?)
Could Not Create Action: : Behaviour: Sing:  (Maybe the script was removed?)
The referenced script on this Behaviour (Game Object 'Gate NPC') is missing!
Unloading 1 Unused Serialized files (Serialized files now loaded: 616)
Unloading 4154 unused Assets to reduce memory usage. Loaded Objects now: 134024.
Total: 115.703780 ms (FindLiveObjects: 8.057325 ms CreateObjectMapping: 4.407811 ms MarkObjects: 85.679244 ms  DeleteObjects: 17.558861 ms)

Only custom filters can be played. Please add a custom filter or an audioclip to the audiosource (Audio Player Actor Distant V2(Clone)).
Only custom filters can be played. Please add a custom filter or an audioclip to the audiosource (Audio Player Actor Distant V2(Clone)).
Only custom filters can be played. Please add a custom filter or an audioclip to the audiosource (Audio Player Actor Distant V2(Clone)).
Only custom filters can be played. Please add a custom filter or an audioclip to the audiosource (Audio Player Actor Distant V2(Clone)).
The referenced script (Unknown) on this Behaviour is missing!
Could Not Create Action: : Behaviour: Sing:  (Maybe the script was removed?)
Could Not Create Action: : Behaviour: Sing:  (Maybe the script was removed?)
The referenced script on this Behaviour (Game Object 'Gate NPC') is missing!
Unloading 1 Unused Serialized files (Serialized files now loaded: 616)
Unloading 4154 unused Assets to reduce memory usage. Loaded Objects now: 134032.
Total: 116.924356 ms (FindLiveObjects: 8.095791 ms CreateObjectMapping: 5.219410 ms MarkObjects: 86.445182 ms  DeleteObjects: 17.163598 ms)

Only custom filters can be played. Please add a custom filter or an audioclip to the audiosource (Audio Player Actor Distant V2(Clone)).
Only custom filters can be played. Please add a custom filter or an audioclip to the audiosource (Audio Player Actor Distant V2(Clone)).
The referenced script (Unknown) on this Behaviour is missing!
Could Not Create Action: : Behaviour: Sing:  (Maybe the script was removed?)
Could Not Create Action: : Behaviour: Sing:  (Maybe the script was removed?)
The referenced script on this Behaviour (Game Object 'Gate NPC') is missing!
Only custom filters can be played. Please add a custom filter or an audioclip to the audiosource (Audio Player Actor Distant V2(Clone)).
Only custom filters can be played. Please add a custom filter or an audioclip to the audiosource (Audio Player Actor Distant V2(Clone)).
Cannot use 'linearVelocity' on a static body.
Unloading 1 Unused Serialized files (Serialized files now loaded: 620)
Scene Manager missing from scene Bellway_08
Scene Manager missing from scene Bellway_08
UnloadTime: 5.266310 ms
Unloading 8301 unused Assets to reduce memory usage. Loaded Objects now: 125765.
Total: 118.324878 ms (FindLiveObjects: 8.022613 ms CreateObjectMapping: 4.042697 ms MarkObjects: 84.127726 ms  DeleteObjects: 22.131461 ms)

Unloading 1 Unused Serialized files (Serialized files now loaded: 598)
Unloading 59 unused Assets to reduce memory usage. Loaded Objects now: 131347.
Total: 95.693533 ms (FindLiveObjects: 7.749545 ms CreateObjectMapping: 3.877572 ms MarkObjects: 83.489898 ms  DeleteObjects: 0.576138 ms)

Reloading same scene! Destroying GuidComponents to prevent collisions...
Pushing stat ALL_CRESTS_STAT value: 3/7
Unloading 1 Unused Serialized files (Serialized files now loaded: 660)
UnloadTime: 5.361376 ms
Unloading 9423 unused Assets to reduce memory usage. Loaded Objects now: 126823.
Total: 131.738462 ms (FindLiveObjects: 8.502723 ms CreateObjectMapping: 4.040872 ms MarkObjects: 85.226835 ms  DeleteObjects: 33.967702 ms)

Unloading 1 Unused Serialized files (Serialized files now loaded: 674)
Unloading 15 unused Assets to reduce memory usage. Loaded Objects now: 134697.
Total: 99.756683 ms (FindLiveObjects: 7.982620 ms CreateObjectMapping: 3.811684 ms MarkObjects: 87.584014 ms  DeleteObjects: 0.378066 ms)

Only custom filters can be played. Please add a custom filter or an audioclip to the audiosource (Audio Player Actor Distant V2(Clone)).
Can not play a disabled audio source
The referenced script (Unknown) on this Behaviour is missing!
Could Not Create Action: : Behaviour: Sing:  (Maybe the script was removed?)
Could Not Create Action: : Behaviour: Sing:  (Maybe the script was removed?)
The referenced script on this Behaviour (Game Object 'Gate NPC') is missing!
Unloading 1 Unused Serialized files (Serialized files now loaded: 698)
Unloading 7076 unused Assets to reduce memory usage. Loaded Objects now: 154284.
Total: 132.576433 ms (FindLiveObjects: 9.573262 ms CreateObjectMapping: 5.177083 ms MarkObjects: 88.045272 ms  DeleteObjects: 29.780217 ms)

Unloading 1 Unused Serialized files (Serialized files now loaded: 660)
UnloadTime: 4.848623 ms
Unloading 6600 unused Assets to reduce memory usage. Loaded Objects now: 126258.
Total: 114.453666 ms (FindLiveObjects: 7.975400 ms CreateObjectMapping: 3.887213 ms MarkObjects: 81.014998 ms  DeleteObjects: 21.575529 ms)

Unloading 1 Unused Serialized files (Serialized files now loaded: 674)
Unloading 15 unused Assets to reduce memory usage. Loaded Objects now: 134705.
Total: 101.748421 ms (FindLiveObjects: 8.714846 ms CreateObjectMapping: 3.909382 ms MarkObjects: 88.705658 ms  DeleteObjects: 0.418231 ms)

Only custom filters can be played. Please add a custom filter or an audioclip to the audiosource (Audio Player Actor Distant V2(Clone)).
Can not play a disabled audio source
Only custom filters can be played. Please add a custom filter or an audioclip to the audiosource (Audio Player Actor Distant V2(Clone)).
Can not play a disabled audio source
The referenced script (Unknown) on this Behaviour is missing!
Could Not Create Action: : Behaviour: Sing:  (Maybe the script was removed?)
Could Not Create Action: : Behaviour: Sing:  (Maybe the script was removed?)
The referenced script on this Behaviour (Game Object 'Gate NPC') is missing!
Unloading 1 Unused Serialized files (Serialized files now loaded: 627)
Unloading 4169 unused Assets to reduce memory usage. Loaded Objects now: 134655.
Total: 118.621584 ms (FindLiveObjects: 9.309152 ms CreateObjectMapping: 4.076053 ms MarkObjects: 87.700008 ms  DeleteObjects: 17.535952 ms)

Only custom filters can be played. Please add a custom filter or an audioclip to the audiosource (Audio Player Actor Distant V2(Clone)).
Only custom filters can be played. Please add a custom filter or an audioclip to the audiosource (Audio Player Actor Distant V2(Clone)).
The referenced script (Unknown) on this Behaviour is missing!
Could Not Create Action: : Behaviour: Sing:  (Maybe the script was removed?)
Could Not Create Action: : Behaviour: Sing:  (Maybe the script was removed?)
The referenced script on this Behaviour (Game Object 'Gate NPC') is missing!
Unloading 1 Unused Serialized files (Serialized files now loaded: 627)
Unloading 4154 unused Assets to reduce memory usage. Loaded Objects now: 134666.
Total: 124.060729 ms (FindLiveObjects: 8.942244 ms CreateObjectMapping: 3.990724 ms MarkObjects: 92.553309 ms  DeleteObjects: 18.574042 ms)

Only custom filters can be played. Please add a custom filter or an audioclip to the audiosource (Audio Player Actor Distant V2(Clone)).
Only custom filters can be played. Please add a custom filter or an audioclip to the audiosource (Audio Player Actor Distant V2(Clone)).
Only custom filters can be played. Please add a custom filter or an audioclip to the audiosource (Audio Player Actor Distant V2(Clone)).
Can not play a disabled audio source
The referenced script (Unknown) on this Behaviour is missing!
Could Not Create Action: : Behaviour: Sing:  (Maybe the script was removed?)
Could Not Create Action: : Behaviour: Sing:  (Maybe the script was removed?)
The referenced script on this Behaviour (Game Object 'Gate NPC') is missing!
Unloading 1 Unused Serialized files (Serialized files now loaded: 627)
Unloading 4154 unused Assets to reduce memory usage. Loaded Objects now: 134676.
Total: 268.126994 ms (FindLiveObjects: 40.626432 ms CreateObjectMapping: 21.970120 ms MarkObjects: 182.342168 ms  DeleteObjects: 23.187940 ms)

Only custom filters can be played. Please add a custom filter or an audioclip to the audiosource (Audio Player Actor Distant V2(Clone)).
Can not play a disabled audio source
The referenced script (Unknown) on this Behaviour is missing!
Could Not Create Action: : Behaviour: Sing:  (Maybe the script was removed?)
Could Not Create Action: : Behaviour: Sing:  (Maybe the script was removed?)
The referenced script on this Behaviour (Game Object 'Gate NPC') is missing!
Unloading 1 Unused Serialized files (Serialized files now loaded: 627)
Unloading 4154 unused Assets to reduce memory usage. Loaded Objects now: 134686.
Total: 168.767333 ms (FindLiveObjects: 9.340293 ms CreateObjectMapping: 6.897960 ms MarkObjects: 129.359564 ms  DeleteObjects: 23.169207 ms)

Only custom filters can be played. Please add a custom filter or an audioclip to the audiosource (Audio Player Actor Distant V2(Clone)).
Can not play a disabled audio source
The referenced script (Unknown) on this Behaviour is missing!
Could Not Create Action: : Behaviour: Sing:  (Maybe the script was removed?)
Could Not Create Action: : Behaviour: Sing:  (Maybe the script was removed?)
The referenced script on this Behaviour (Game Object 'Gate NPC') is missing!
Unloading 1 Unused Serialized files (Serialized files now loaded: 627)
Unloading 4154 unused Assets to reduce memory usage. Loaded Objects now: 134694.
Total: 234.728173 ms (FindLiveObjects: 9.524841 ms CreateObjectMapping: 4.267410 ms MarkObjects: 186.649635 ms  DeleteObjects: 34.284710 ms)

Only custom filters can be played. Please add a custom filter or an audioclip to the audiosource (Audio Player Actor Distant V2(Clone)).
Can not play a disabled audio source
Only custom filters can be played. Please add a custom filter or an audioclip to the audiosource (Audio Player Actor Distant V2(Clone)).
Only custom filters can be played. Please add a custom filter or an audioclip to the audiosource (Audio Player Actor Distant V2(Clone)).
The referenced script (Unknown) on this Behaviour is missing!
Could Not Create Action: : Behaviour: Sing:  (Maybe the script was removed?)
Could Not Create Action: : Behaviour: Sing:  (Maybe the script was removed?)
The referenced script on this Behaviour (Game Object 'Gate NPC') is missing!
Unloading 1 Unused Serialized files (Serialized files now loaded: 627)
Unloading 4154 unused Assets to reduce memory usage. Loaded Objects now: 134702.
Total: 171.822261 ms (FindLiveObjects: 15.628803 ms CreateObjectMapping: 5.366119 ms MarkObjects: 127.012656 ms  DeleteObjects: 23.814012 ms)

Only custom filters can be played. Please add a custom filter or an audioclip to the audiosource (Audio Player Actor Distant V2(Clone)).
Only custom filters can be played. Please add a custom filter or an audioclip to the audiosource (Audio Player Actor Distant V2(Clone)).
The referenced script (Unknown) on this Behaviour is missing!
Could Not Create Action: : Behaviour: Sing:  (Maybe the script was removed?)
Could Not Create Action: : Behaviour: Sing:  (Maybe the script was removed?)
The referenced script on this Behaviour (Game Object 'Gate NPC') is missing!
Unloading 1 Unused Serialized files (Serialized files now loaded: 627)
Unloading 4154 unused Assets to reduce memory usage. Loaded Objects now: 134710.
Total: 176.424036 ms (FindLiveObjects: 10.303546 ms CreateObjectMapping: 7.612710 ms MarkObjects: 136.269509 ms  DeleteObjects: 22.236839 ms)

Only custom filters can be played. Please add a custom filter or an audioclip to the audiosource (Audio Player Actor Distant V2(Clone)).
Can not play a disabled audio source
The referenced script (Unknown) on this Behaviour is missing!
Could Not Create Action: : Behaviour: Sing:  (Maybe the script was removed?)
Could Not Create Action: : Behaviour: Sing:  (Maybe the script was removed?)
The referenced script on this Behaviour (Game Object 'Gate NPC') is missing!
Unloading 1 Unused Serialized files (Serialized files now loaded: 627)
Unloading 4154 unused Assets to reduce memory usage. Loaded Objects now: 134718.
Total: 164.842753 ms (FindLiveObjects: 17.171943 ms CreateObjectMapping: 5.835564 ms MarkObjects: 119.290921 ms  DeleteObjects: 22.544051 ms)

Only custom filters can be played. Please add a custom filter or an audioclip to the audiosource (Audio Player Actor Distant V2(Clone)).
Can not play a disabled audio source
The referenced script (Unknown) on this Behaviour is missing!
Could Not Create Action: : Behaviour: Sing:  (Maybe the script was removed?)
Could Not Create Action: : Behaviour: Sing:  (Maybe the script was removed?)
The referenced script on this Behaviour (Game Object 'Gate NPC') is missing!
Unloading 1 Unused Serialized files (Serialized files now loaded: 627)
Unloading 4157 unused Assets to reduce memory usage. Loaded Objects now: 134730.
Total: 166.374207 ms (FindLiveObjects: 9.425124 ms CreateObjectMapping: 9.805823 ms MarkObjects: 123.880323 ms  DeleteObjects: 23.262275 ms)

Only custom filters can be played. Please add a custom filter or an audioclip to the audiosource (Audio Player Actor Distant V2(Clone)).
Only custom filters can be played. Please add a custom filter or an audioclip to the audiosource (Audio Player Actor Distant V2(Clone)).
Only custom filters can be played. Please add a custom filter or an audioclip to the audiosource (Audio Player Actor Distant V2(Clone)).
Can not play a disabled audio source
Can not play a disabled audio source
Only custom filters can be played. Please add a custom filter or an audioclip to the audiosource (Audio Player Actor Distant V2(Clone)).
Can not play a disabled audio source
Only custom filters can be played. Please add a custom filter or an audioclip to the audiosource (Audio Player Actor Distant V2(Clone)).
Only custom filters can be played. Please add a custom filter or an audioclip to the audiosource (Audio Player Actor Distant V2(Clone)).
The referenced script (Unknown) on this Behaviour is missing!
Could Not Create Action: : Behaviour: Sing:  (Maybe the script was removed?)
Could Not Create Action: : Behaviour: Sing:  (Maybe the script was removed?)
The referenced script on this Behaviour (Game Object 'Gate NPC') is missing!
Unloading 1 Unused Serialized files (Serialized files now loaded: 627)
Unloading 4157 unused Assets to reduce memory usage. Loaded Objects now: 134751.
Total: 171.317440 ms (FindLiveObjects: 10.859565 ms CreateObjectMapping: 10.196323 ms MarkObjects: 127.251257 ms  DeleteObjects: 23.009512 ms)

Only custom filters can be played. Please add a custom filter or an audioclip to the audiosource (Audio Player Actor Distant V2(Clone)).
Can not play a disabled audio source
The referenced script (Unknown) on this Behaviour is missing!
Could Not Create Action: : Behaviour: Sing:  (Maybe the script was removed?)
Could Not Create Action: : Behaviour: Sing:  (Maybe the script was removed?)
The referenced script on this Behaviour (Game Object 'Gate NPC') is missing!
Unloading 1 Unused Serialized files (Serialized files now loaded: 627)
Unloading 4154 unused Assets to reduce memory usage. Loaded Objects now: 134759.
Total: 158.871646 ms (FindLiveObjects: 12.683671 ms CreateObjectMapping: 4.074501 ms MarkObjects: 119.659466 ms  DeleteObjects: 22.452606 ms)

Only custom filters can be played. Please add a custom filter or an audioclip to the audiosource (Audio Player Actor Distant V2(Clone)).
Can not play a disabled audio source
The referenced script (Unknown) on this Behaviour is missing!
Could Not Create Action: : Behaviour: Sing:  (Maybe the script was removed?)
Could Not Create Action: : Behaviour: Sing:  (Maybe the script was removed?)
The referenced script on this Behaviour (Game Object 'Gate NPC') is missing!
Unloading 1 Unused Serialized files (Serialized files now loaded: 627)
Unloading 4154 unused Assets to reduce memory usage. Loaded Objects now: 134768.
Total: 171.023513 ms (FindLiveObjects: 12.212399 ms CreateObjectMapping: 4.504083 ms MarkObjects: 132.158217 ms  DeleteObjects: 22.148436 ms)

Only custom filters can be played. Please add a custom filter or an audioclip to the audiosource (Audio Player Actor Distant V2(Clone)).
Can not play a disabled audio source
Only custom filters can be played. Please add a custom filter or an audioclip to the audiosource (Audio Player Actor Distant V2(Clone)).
Only custom filters can be played. Please add a custom filter or an audioclip to the audiosource (Audio Player Actor Distant V2(Clone)).
Only custom filters can be played. Please add a custom filter or an audioclip to the audiosource (Audio Player Actor Distant V2(Clone)).
Only custom filters can be played. Please add a custom filter or an audioclip to the audiosource (Audio Player Actor Distant V2(Clone)).
Only custom filters can be played. Please add a custom filter or an audioclip to the audiosource (Audio Player Actor Distant V2(Clone)).
Only custom filters can be played. Please add a custom filter or an audioclip to the audiosource (Audio Player Actor Distant V2(Clone)).
Only custom filters can be played. Please add a custom filter or an audioclip to the audiosource (Audio Player Actor Distant V2(Clone)).
Only custom filters can be played. Please add a custom filter or an audioclip to the audiosource (Audio Player Actor Distant V2(Clone)).
Only custom filters can be played. Please add a custom filter or an audioclip to the audiosource (Audio Player Actor Distant V2(Clone)).
Only custom filters can be played. Please add a custom filter or an audioclip to the audiosource (Audio Player Actor Distant V2(Clone)).
The referenced script (Unknown) on this Behaviour is missing!
Could Not Create Action: : Behaviour: Sing:  (Maybe the script was removed?)
Could Not Create Action: : Behaviour: Sing:  (Maybe the script was removed?)
The referenced script on this Behaviour (Game Object 'Gate NPC') is missing!
Unloading 1 Unused Serialized files (Serialized files now loaded: 627)
Unloading 4159 unused Assets to reduce memory usage. Loaded Objects now: 134780.
Total: 164.556561 ms (FindLiveObjects: 9.958910 ms CreateObjectMapping: 5.151890 ms MarkObjects: 126.206475 ms  DeleteObjects: 23.238909 ms)

Only custom filters can be played. Please add a custom filter or an audioclip to the audiosource (Audio Player Actor Distant V2(Clone)).
Only custom filters can be played. Please add a custom filter or an audioclip to the audiosource (Audio Player Actor Distant V2(Clone)).
The referenced script (Unknown) on this Behaviour is missing!
Could Not Create Action: : Behaviour: Sing:  (Maybe the script was removed?)
Could Not Create Action: : Behaviour: Sing:  (Maybe the script was removed?)
The referenced script on this Behaviour (Game Object 'Gate NPC') is missing!
Unloading 1 Unused Serialized files (Serialized files now loaded: 627)
Unloading 4154 unused Assets to reduce memory usage. Loaded Objects now: 134788.
Total: 167.919551 ms (FindLiveObjects: 9.978809 ms CreateObjectMapping: 4.265377 ms MarkObjects: 131.401461 ms  DeleteObjects: 22.273503 ms)

Only custom filters can be played. Please add a custom filter or an audioclip to the audiosource (Audio Player Actor Distant V2(Clone)).
Can not play a disabled audio source
Only custom filters can be played. Please add a custom filter or an audioclip to the audiosource (Audio Player Actor Distant V2(Clone)).
Only custom filters can be played. Please add a custom filter or an audioclip to the audiosource (Audio Player Actor Distant V2(Clone)).
Only custom filters can be played. Please add a custom filter or an audioclip to the audiosource (Audio Player Actor Distant V2(Clone)).
Only custom filters can be played. Please add a custom filter or an audioclip to the audiosource (Audio Player Actor Distant V2(Clone)).
Only custom filters can be played. Please add a custom filter or an audioclip to the audiosource (Audio Player Actor Distant V2(Clone)).
Only custom filters can be played. Please add a custom filter or an audioclip to the audiosource (Audio Player Actor Distant V2(Clone)).
The referenced script (Unknown) on this Behaviour is missing!
Could Not Create Action: : Behaviour: Sing:  (Maybe the script was removed?)
Could Not Create Action: : Behaviour: Sing:  (Maybe the script was removed?)
The referenced script on this Behaviour (Game Object 'Gate NPC') is missing!
Unloading 1 Unused Serialized files (Serialized files now loaded: 627)
Unloading 4154 unused Assets to reduce memory usage. Loaded Objects now: 134796.
Total: 166.367119 ms (FindLiveObjects: 8.340073 ms CreateObjectMapping: 11.050652 ms MarkObjects: 124.622532 ms  DeleteObjects: 22.353494 ms)

Only custom filters can be played. Please add a custom filter or an audioclip to the audiosource (Audio Player Actor Distant V2(Clone)).
Only custom filters can be played. Please add a custom filter or an audioclip to the audiosource (Audio Player Actor Distant V2(Clone)).
The referenced script (Unknown) on this Behaviour is missing!
Could Not Create Action: : Behaviour: Sing:  (Maybe the script was removed?)
Could Not Create Action: : Behaviour: Sing:  (Maybe the script was removed?)
The referenced script on this Behaviour (Game Object 'Gate NPC') is missing!
Unloading 1 Unused Serialized files (Serialized files now loaded: 627)
Unloading 4154 unused Assets to reduce memory usage. Loaded Objects now: 134804.
Total: 172.123651 ms (FindLiveObjects: 10.353862 ms CreateObjectMapping: 11.122558 ms MarkObjects: 128.746700 ms  DeleteObjects: 21.899886 ms)

Only custom filters can be played. Please add a custom filter or an audioclip to the audiosource (Audio Player Actor Distant V2(Clone)).
Only custom filters can be played. Please add a custom filter or an audioclip to the audiosource (Audio Player Actor Distant V2(Clone)).
Only custom filters can be played. Please add a custom filter or an audioclip to the audiosource (Audio Player Actor Distant V2(Clone)).
Only custom filters can be played. Please add a custom filter or an audioclip to the audiosource (Audio Player Actor Distant V2(Clone)).
Only custom filters can be played. Please add a custom filter or an audioclip to the audiosource (Audio Player Actor Distant V2(Clone)).
Only custom filters can be played. Please add a custom filter or an audioclip to the audiosource (Audio Player Actor Distant V2(Clone)).
Only custom filters can be played. Please add a custom filter or an audioclip to the audiosource (Audio Player Actor Distant V2(Clone)).
Only custom filters can be played. Please add a custom filter or an audioclip to the audiosource (Audio Player Actor Distant V2(Clone)).
Only custom filters can be played. Please add a custom filter or an audioclip to the audiosource (Audio Player Actor Distant V2(Clone)).
Only custom filters can be played. Please add a custom filter or an audioclip to the audiosource (Audio Player Actor Distant V2(Clone)).
Only custom filters can be played. Please add a custom filter or an audioclip to the audiosource (Audio Player Actor Distant V2(Clone)).
Only custom filters can be played. Please add a custom filter or an audioclip to the audiosource (Audio Player Actor Distant V2(Clone)).
The referenced script (Unknown) on this Behaviour is missing!
Could Not Create Action: : Behaviour: Sing:  (Maybe the script was removed?)
Could Not Create Action: : Behaviour: Sing:  (Maybe the script was removed?)
The referenced script on this Behaviour (Game Object 'Gate NPC') is missing!
Unloading 1 Unused Serialized files (Serialized files now loaded: 627)
Unloading 4157 unused Assets to reduce memory usage. Loaded Objects now: 134816.
Total: 174.183484 ms (FindLiveObjects: 9.514814 ms CreateObjectMapping: 10.562682 ms MarkObjects: 131.924972 ms  DeleteObjects: 22.180221 ms)

Can not play a disabled audio source
Only custom filters can be played. Please add a custom filter or an audioclip to the audiosource (Audio Player Actor Distant V2(Clone)).
Can not play a disabled audio source
The referenced script (Unknown) on this Behaviour is missing!
Could Not Create Action: : Behaviour: Sing:  (Maybe the script was removed?)
Could Not Create Action: : Behaviour: Sing:  (Maybe the script was removed?)
The referenced script on this Behaviour (Game Object 'Gate NPC') is missing!
Unloading 1 Unused Serialized files (Serialized files now loaded: 627)
Unloading 4158 unused Assets to reduce memory usage. Loaded Objects now: 134832.
Total: 176.697444 ms (FindLiveObjects: 16.165159 ms CreateObjectMapping: 5.448903 ms MarkObjects: 129.085547 ms  DeleteObjects: 25.997271 ms)

Unloading 1 Unused Serialized files (Serialized files now loaded: 629)
Scene Manager missing from scene Bellway_08
UnloadTime: 6.601532 ms
Unloading 4336 unused Assets to reduce memory usage. Loaded Objects now: 126459.
Total: 164.402806 ms (FindLiveObjects: 19.373980 ms CreateObjectMapping: 10.659853 ms MarkObjects: 119.408578 ms  DeleteObjects: 14.959527 ms)

Unloading 0 Unused Serialized files (Serialized files now loaded: 539)
Unloading 7725 unused Assets to reduce memory usage. Loaded Objects now: 25460.
Total: 60.773059 ms (FindLiveObjects: 3.894069 ms CreateObjectMapping: 3.657230 ms MarkObjects: 42.349720 ms  DeleteObjects: 10.871623 ms)

Unloading 1 Unused Serialized files (Serialized files now loaded: 588)
UnloadTime: 0.925062 ms
Unable to match controller of name (Generic Controller), will attempt default mapping set.Unknown
Loaded saved language code 'EN'
Restored language code 'EN'
Unloading 57 unused Assets to reduce memory usage. Loaded Objects now: 72125.
Total: 83.470299 ms (FindLiveObjects: 6.071293 ms CreateObjectMapping: 3.304779 ms MarkObjects: 73.772310 ms  DeleteObjects: 0.321598 ms)

Unloading 1 Unused Serialized files (Serialized files now loaded: 586)
Unloading 0 unused Assets to reduce memory usage. Loaded Objects now: 72126.
Total: 84.031277 ms (FindLiveObjects: 8.218172 ms CreateObjectMapping: 3.428258 ms MarkObjects: 72.194337 ms  DeleteObjects: 0.190116 ms)

Shutting down Steam API.
[Physics::Module] Cleanup current backned.
[Physics::Module] Id: 0xf2b8ea05
Input System module state changed to: ShutdownInProgress.
Input System polling thread exited.
Input System module state changed to: Shutdown.
