The selected window backend is x11 
Mono path[0] = '/home/pollen/.local/share/Steam/steamapps/common/Hollow Knight Silksong/Hollow Knight Silksong_Data/Managed'
Mono config path = '/home/pollen/.local/share/Steam/steamapps/common/Hollow Knight Silksong/Hollow Knight Silksong_Data/MonoBleedingEdge/etc'
Input System module state changed to: Initialized.
Display 0 'Philips 272P4 27"': 2560x1440 (primary device).
[Physics::Module] Initialized fallback backend.
[Physics::Module] Id: 0xdecafbad
Desktop is 2560 x 1440 @ 60 Hz
Initialize engine version: 6000.0.50f1-uum-100966-branch1 (359a00488d30)
[Subsystems] Discovering subsystems at path /home/pollen/.local/share/Steam/steamapps/common/Hollow Knight Silksong/Hollow Knight Silksong_Data/UnitySubsystems
GfxDevice: creating device client; kGfxThreadingModeThreaded
Renderer: NVIDIA GeForce GTX 1660 SUPER/PCIe/SSE2
Vendor:   NVIDIA Corporation
Version:  4.5.0 NVIDIA 580.82.07
GLES:     0
 GL_AMD_multi_draw_indirect GL_AMD_seamless_cubemap_per_texture GL_AMD_vertex_shader_viewport_index GL_AMD_vertex_shader_layer GL_ARB_arrays_of_arrays GL_ARB_base_instance GL_ARB_bindless_texture GL_ARB_blend_func_extended GL_ARB_buffer_storage GL_ARB_clear_buffer_object GL_ARB_clear_texture GL_ARB_clip_control GL_ARB_color_buffer_float GL_ARB_compressed_texture_pixel_storage GL_ARB_conservative_depth GL_ARB_compute_shader GL_ARB_compute_variable_group_size GL_ARB_conditional_render_inverted GL_ARB_copy_buffer GL_ARB_copy_image GL_ARB_cull_distance GL_ARB_debug_output GL_ARB_depth_buffer_float GL_ARB_depth_clamp GL_ARB_depth_texture GL_ARB_derivative_control GL_ARB_direct_state_access GL_ARB_draw_buffers GL_ARB_draw_buffers_blend GL_ARB_draw_indirect GL_ARB_draw_elements_base_vertex GL_ARB_draw_instanced GL_ARB_enhanced_layouts GL_ARB_ES2_compatibility GL_ARB_ES3_compatibility GL_ARB_ES3_1_compatibility GL_ARB_ES3_2_compatibility GL_ARB_explicit_attrib_location GL_ARB_explicit_uniform_location GL_ARB_fragmen
t_coord_conventions GL_ARB_fragment_layer_viewport GL_ARB_fragment_program GL_ARB_fragment_program_shadow GL_ARB_fragment_shader GL_ARB_fragment_shader_interlock GL_ARB_framebuffer_no_attachments GL_ARB_framebuffer_object GL_ARB_framebuffer_sRGB GL_ARB_geometry_shader4 GL_ARB_get_program_binary GL_ARB_get_texture_sub_image GL_ARB_gl_spirv GL_ARB_gpu_shader5 GL_ARB_gpu_shader_fp64 GL_ARB_gpu_shader_int64 GL_ARB_half_float_pixel GL_ARB_half_float_vertex GL_ARB_imaging GL_ARB_indirect_parameters GL_ARB_instanced_arrays GL_ARB_internalformat_query GL_ARB_internalformat_query2 GL_ARB_invalidate_subdata GL_ARB_map_buffer_alignment GL_ARB_map_buffer_range GL_ARB_multi_bind GL_ARB_multi_draw_indirect GL_ARB_multisample GL_ARB_multitexture GL_ARB_occlusion_query GL_ARB_occlusion_query2 GL_ARB_parallel_shader_compile GL_ARB_pipeline_statistics_query GL_ARB_pixel_buffer_object GL_ARB_point_parameters GL_ARB_point_sprite GL_ARB_polygon_offset_clamp GL_ARB_post_depth_coverage GL_ARB_program_interface_query GL_ARB_provoki
ng_vertex GL_ARB_query_buffer_object GL_ARB_robust_buffer_access_behavior GL_ARB_robustness GL_ARB_sample_locations GL_ARB_sample_shading GL_ARB_sampler_objects GL_ARB_seamless_cube_map GL_ARB_seamless_cubemap_per_texture GL_ARB_separate_shader_objects GL_ARB_shader_atomic_counter_ops GL_ARB_shader_atomic_counters GL_ARB_shader_ballot GL_ARB_shader_bit_encoding GL_ARB_shader_clock GL_ARB_shader_draw_parameters GL_ARB_shader_group_vote GL_ARB_shader_image_load_store GL_ARB_shader_image_size GL_ARB_shader_objects GL_ARB_shader_precision GL_ARB_shader_storage_buffer_object GL_ARB_shader_subroutine GL_ARB_shader_texture_image_samples GL_ARB_shader_texture_lod GL_ARB_shading_language_100 GL_ARB_shader_viewport_layer_array GL_ARB_shading_language_420pack GL_ARB_shading_language_include GL_ARB_shading_language_packing GL_ARB_shadow GL_ARB_sparse_buffer GL_ARB_sparse_texture GL_ARB_sparse_texture2 GL_ARB_sparse_texture_clamp GL_ARB_spirv_extensions GL_ARB_stencil_texturing GL_ARB_sync GL_ARB_tessellation_shader GL_A
RB_texture_barrier GL_ARB_texture_border_clamp GL_ARB_texture_buffer_object GL_ARB_texture_buffer_object_rgb32 GL_ARB_texture_buffer_range GL_ARB_texture_compression GL_ARB_texture_compression_bptc GL_ARB_texture_compression_rgtc GL_ARB_texture_cube_map GL_ARB_texture_cube_map_array GL_ARB_texture_env_add GL_ARB_texture_env_combine GL_ARB_texture_env_crossbar GL_ARB_texture_env_dot3 GL_ARB_texture_filter_anisotropic GL_ARB_texture_filter_minmax GL_ARB_texture_float GL_ARB_texture_gather GL_ARB_texture_mirror_clamp_to_edge GL_ARB_texture_mirrored_repeat GL_ARB_texture_multisample GL_ARB_texture_non_power_of_two GL_ARB_texture_query_levels GL_ARB_texture_query_lod GL_ARB_texture_rectangle GL_ARB_texture_rg GL_ARB_texture_rgb10_a2ui GL_ARB_texture_stencil8 GL_ARB_texture_storage GL_ARB_texture_storage_multisample GL_ARB_texture_swizzle GL_ARB_texture_view GL_ARB_timer_query GL_ARB_transform_feedback2 GL_ARB_transform_feedback3 GL_ARB_transform_feedback_instanced GL_ARB_transform_feedback_overflow_query GL_ARB_t
ranspose_matrix GL_ARB_uniform_buffer_object GL_ARB_vertex_array_bgra GL_ARB_vertex_array_object GL_ARB_vertex_attrib_64bit GL_ARB_vertex_attrib_binding GL_ARB_vertex_buffer_object GL_ARB_vertex_program GL_ARB_vertex_shader GL_ARB_vertex_type_10f_11f_11f_rev GL_ARB_vertex_type_2_10_10_10_rev GL_ARB_viewport_array GL_ARB_window_pos GL_ATI_draw_buffers GL_ATI_texture_float GL_ATI_texture_mirror_once GL_S3_s3tc GL_EXT_texture_env_add GL_EXT_abgr GL_EXT_bgra GL_EXT_bindable_uniform GL_EXT_blend_color GL_EXT_blend_equation_separate GL_EXT_blend_func_separate GL_EXT_blend_minmax GL_EXT_blend_subtract GL_EXT_compiled_vertex_array GL_EXT_Cg_shader GL_EXT_depth_bounds_test GL_EXT_direct_state_access GL_EXT_draw_buffers2 GL_EXT_draw_instanced GL_EXT_draw_range_elements GL_EXT_fog_coord GL_EXT_framebuffer_blit GL_EXT_framebuffer_multisample GL_EXTX_framebuffer_mixed_formats GL_EXT_framebuffer_multisample_blit_scaled GL_EXT_framebuffer_object GL_EXT_framebuffer_sRGB GL_EXT_geometry_shader4 GL_EXT_gpu_program_parameters 
GL_EXT_gpu_shader4 GL_EXT_multi_draw_arrays GL_EXT_multiview_texture_multisample GL_EXT_multiview_timer_query GL_EXT_packed_depth_stencil GL_EXT_packed_float GL_EXT_packed_pixels GL_EXT_pixel_buffer_object GL_EXT_point_parameters GL_EXT_polygon_offset_clamp GL_EXT_post_depth_coverage GL_EXT_provoking_vertex GL_EXT_raster_multisample GL_EXT_rescale_normal GL_EXT_secondary_color GL_EXT_separate_shader_objects GL_EXT_separate_specular_color GL_EXT_shader_image_load_formatted GL_EXT_shader_image_load_store GL_EXT_shader_integer_mix GL_EXT_shadow_funcs GL_EXT_sparse_texture2 GL_EXT_stencil_two_side GL_EXT_stencil_wrap GL_EXT_texture3D GL_EXT_texture_array GL_EXT_texture_buffer_object GL_EXT_texture_compression_dxt1 GL_EXT_texture_compression_latc GL_EXT_texture_compression_rgtc GL_EXT_texture_compression_s3tc GL_EXT_texture_cube_map GL_EXT_texture_edge_clamp GL_EXT_texture_env_combine GL_EXT_texture_env_dot3 GL_EXT_texture_filter_anisotropic GL_EXT_texture_filter_minmax GL_EXT_texture_integer GL_EXT_texture_lod G
L_EXT_texture_lod_bias GL_EXT_texture_mirror_clamp GL_EXT_texture_object GL_EXT_texture_shadow_lod GL_EXT_texture_shared_exponent GL_EXT_texture_sRGB GL_EXT_texture_sRGB_R8 GL_EXT_texture_sRGB_decode GL_EXT_texture_storage GL_EXT_texture_swizzle GL_EXT_timer_query GL_EXT_transform_feedback2 GL_EXT_vertex_array GL_EXT_vertex_array_bgra GL_EXT_vertex_attrib_64bit GL_EXT_window_rectangles GL_EXT_import_sync_object GL_NV_robustness_video_memory_purge GL_IBM_rasterpos_clip GL_IBM_texture_mirrored_repeat GL_KHR_context_flush_control GL_KHR_debug GL_EXT_memory_object GL_EXT_memory_object_fd GL_NV_memory_object_sparse GL_KHR_parallel_shader_compile GL_KHR_no_error GL_KHR_robust_buffer_access_behavior GL_KHR_robustness GL_EXT_semaphore GL_EXT_semaphore_fd GL_NV_timeline_semaphore GL_KHR_shader_subgroup GL_KTX_buffer_region GL_NV_alpha_to_coverage_dither_control GL_NV_bindless_multi_draw_indirect GL_NV_bindless_multi_draw_indirect_count GL_NV_bindless_texture GL_NV_blend_equation_advanced GL_NV_blend_equation_advanced
_coherent GL_NVX_blend_equation_advanced_multi_draw_buffers GL_NV_blend_minmax_factor GL_NV_blend_square GL_NV_clip_space_w_scaling GL_NV_command_list GL_NV_compute_program5 GL_NV_compute_shader_derivatives GL_NV_conditional_render GL_NV_conservative_raster GL_NV_conservative_raster_dilate GL_NV_conservative_raster_pre_snap GL_NV_conservative_raster_pre_snap_triangles GL_NV_conservative_raster_underestimation GL_NV_copy_depth_to_color GL_NV_copy_image GL_NV_depth_buffer_float GL_NV_depth_clamp GL_NV_draw_texture GL_NV_draw_vulkan_image GL_NV_ES1_1_compatibility GL_NV_ES3_1_compatibility GL_NV_explicit_multisample GL_NV_feature_query GL_NV_fence GL_NV_fill_rectangle GL_NV_float_buffer GL_NV_fog_distance GL_NV_fragment_coverage_to_color GL_NV_fragment_program GL_NV_fragment_program_option GL_NV_fragment_program2 GL_NV_fragment_shader_barycentric GL_NV_fragment_shader_interlock GL_NV_framebuffer_mixed_samples GL_NV_framebuffer_multisample_coverage GL_NV_geometry_shader4 GL_NV_geometry_shader_passthrough GL_NV_g
pu_program4 GL_NV_internalformat_sample_query GL_NV_gpu_program4_1 GL_NV_gpu_program5 GL_NV_gpu_program5_mem_extended GL_NV_gpu_program_fp64 GL_NV_gpu_program_multiview GL_NV_gpu_shader5 GL_NV_half_float GL_NV_light_max_exponent GL_NV_memory_attachment GL_NV_mesh_shader GL_NV_multisample_coverage GL_NV_multisample_filter_hint GL_NV_occlusion_query GL_NV_packed_depth_stencil GL_NV_parameter_buffer_object GL_NV_parameter_buffer_object2 GL_NV_path_rendering GL_NV_path_rendering_shared_edge GL_NV_pixel_data_range GL_NV_point_sprite GL_NV_primitive_restart GL_NV_query_resource GL_NV_query_resource_tag GL_NV_register_combiners GL_NV_register_combiners2 GL_NV_representative_fragment_test GL_NV_sample_locations GL_NV_sample_mask_override_coverage GL_NV_scissor_exclusive GL_NV_shader_atomic_counters GL_NV_shader_atomic_float GL_NV_shader_atomic_float64 GL_NV_shader_atomic_fp16_vector GL_NV_shader_atomic_int64 GL_NV_shader_buffer_load GL_NV_shader_storage_buffer_object GL_NV_shader_subgroup_partitioned GL_NV_shader_te
xture_footprint GL_NV_shading_rate_image GL_NV_stereo_view_rendering GL_NV_texgen_reflection GL_NV_texture_barrier GL_NV_texture_compression_vtc GL_NV_texture_env_combine4 GL_NV_texture_multisample GL_NV_texture_rectangle GL_NV_texture_rectangle_compressed GL_NV_texture_shader GL_NV_texture_shader2 GL_NV_texture_shader3 GL_NV_transform_feedback GL_NV_transform_feedback2 GL_NV_uniform_buffer_unified_memory GL_NV_uniform_buffer_std430_layout GL_NV_vdpau_interop GL_NV_vdpau_interop2 GL_NV_vertex_array_range GL_NV_vertex_array_range2 GL_NV_vertex_attrib_integer_64bit GL_NV_vertex_buffer_unified_memory GL_NV_vertex_program GL_NV_vertex_program1_1 GL_NV_vertex_program2 GL_NV_vertex_program2_option GL_NV_vertex_program3 GL_NV_viewport_array2 GL_NV_viewport_swizzle GL_NVX_conditional_render GL_NV_gpu_multicast GL_NVX_progress_fence GL_NVX_gpu_memory_info GL_NVX_nvenc_interop GL_NV_shader_thread_group GL_NV_shader_thread_shuffle GL_KHR_blend_equation_advanced GL_KHR_blend_equation_advanced_coherent GL_OVR_multiview G
L_OVR_multiview2 GL_SGIS_generate_mipmap GL_SGIS_texture_lod GL_SGIX_depth_texture GL_SGIX_shadow GL_SUN_slice_accum
OPENGL LOG: Creating OpenGL 4.5 graphics device ; Context level  <OpenGL 4.5> ; Context handle 885857496
Begin MonoManager ReloadAssembly
- Loaded All Assemblies, in  0.080 seconds
- Finished resetting the current domain, in  0.002 seconds
[Physics::Module] Selected backend.
[Physics::Module] Name: PhysX
[Physics::Module] Id: 0xf2b8ea05
[Physics::Module] SDK Version: 4.1.2
[Physics::Module] Integration Version: 1.0.0
[Physics::Module] Threading Mode: Multi-Threaded
Default vsync count 1
requesting resize 2560 x 1440
Using native desktop resolution 2560 x 1440
requesting fullscreen 2560 x 1440 at 0/1 Hz
Desktop is 2560 x 1440 @ 60 Hz
UnloadTime: 0.607560 ms
Steam initializing
[S_API] SteamAPI_Init(): Loaded '/home/pollen/.local/share/Steam/linux64/steamclient.so' OK.
Setting breakpad minidump AppID = 1030300
SteamInternal_SetMinidumpSteamID:  Caching Steam ID:  76561199206006114 [API loaded no]
Steam logged in as bjoernpollen
Selected online subsystem SteamOnlineSubsystem
Steam stats received.
Unloading 5 Unused Serialized files (Serialized files now loaded: 527)
UnloadTime: 1.110028 ms
Discovered supported languages: DE, EN, ES, FR, IT, JA, KO, PT, RU, ZH
Loaded saved language code 'EN'
Restored language code 'EN'
Couldn't find a Game Manager, make sure one exists in the scene.
Couldn't find GameCameras, make sure one exists in the scene.
Unloading 51 unused Assets to reduce memory usage. Loaded Objects now: 5763.
Total: 12.667886 ms (FindLiveObjects: 0.600400 ms CreateObjectMapping: 0.611475 ms MarkObjects: 11.349994 ms  DeleteObjects: 0.105101 ms)

Unloading 2 Unused Serialized files (Serialized files now loaded: 527)
Unloading 1 unused Assets to reduce memory usage. Loaded Objects now: 12993.
Total: 16.769911 ms (FindLiveObjects: 0.956767 ms CreateObjectMapping: 1.342404 ms MarkObjects: 14.312448 ms  DeleteObjects: 0.157592 ms)

Unloading 1 Unused Serialized files (Serialized files now loaded: 581)
Couldn't find GameCameras, make sure one exists in the scene.
Couldn't find a Game Manager, make sure one exists in the scene.
UnloadTime: 6.496434 ms
Loaded saved language code 'EN'
Restored language code 'EN'
Unloading 73 unused Assets to reduce memory usage. Loaded Objects now: 66577.
Total: 54.864663 ms (FindLiveObjects: 3.394983 ms CreateObjectMapping: 2.811247 ms MarkObjects: 47.942472 ms  DeleteObjects: 0.715389 ms)

Unable to match controller of name (Generic Controller), will attempt default mapping set.Unknown
MenuButton missing flashEffect!
Making UI menu lean.
Only custom filters can be played. Please add a custom filter or an audioclip to the audiosource (Audio Player Actor Distant V2(Clone)).
Only custom filters can be played. Please add a custom filter or an audioclip to the audiosource (Audio Player Actor Distant V2(Clone)).
Only custom filters can be played. Please add a custom filter or an audioclip to the audiosource (Audio Player Actor Distant V2(Clone)).
Unloading 3 Unused Serialized files (Serialized files now loaded: 583)
Unloading 282 unused Assets to reduce memory usage. Loaded Objects now: 114407.
Total: 127.082894 ms (FindLiveObjects: 15.400501 ms CreateObjectMapping: 4.693730 ms MarkObjects: 104.439240 ms  DeleteObjects: 2.548820 ms)

Converting Vertex Colors from Color32 to Color.
Converting Vertex Colors from Color32 to Color.
Converting Vertex Colors from Color32 to Color.
Unloading 1 Unused Serialized files (Serialized files now loaded: 615)
Unloading 3733 unused Assets to reduce memory usage. Loaded Objects now: 135329.
Total: 159.718753 ms (FindLiveObjects: 13.359292 ms CreateObjectMapping: 4.111585 ms MarkObjects: 130.283361 ms  DeleteObjects: 11.963154 ms)

Unloading 1 Unused Serialized files (Serialized files now loaded: 621)
UnloadTime: 8.871088 ms
Unloading 5654 unused Assets to reduce memory usage. Loaded Objects now: 125700.
Total: 157.369589 ms (FindLiveObjects: 10.724131 ms CreateObjectMapping: 4.425919 ms MarkObjects: 124.314637 ms  DeleteObjects: 17.904229 ms)

Unloading 2 Unused Serialized files (Serialized files now loaded: 603)
Unloading 14 unused Assets to reduce memory usage. Loaded Objects now: 133913.
Total: 148.586151 ms (FindLiveObjects: 11.229382 ms CreateObjectMapping: 4.977171 ms MarkObjects: 131.867104 ms  DeleteObjects: 0.512043 ms)

Only custom filters can be played. Please add a custom filter or an audioclip to the audiosource (Audio Player Actor Distant V2(Clone)).
Only custom filters can be played. Please add a custom filter or an audioclip to the audiosource (Audio Player Actor Distant V2(Clone)).
Only custom filters can be played. Please add a custom filter or an audioclip to the audiosource (Audio Player Actor Distant V2(Clone)).
Only custom filters can be played. Please add a custom filter or an audioclip to the audiosource (Audio Player Actor Distant V2(Clone)).
Only custom filters can be played. Please add a custom filter or an audioclip to the audiosource (Audio Player Actor Distant V2(Clone)).
Only custom filters can be played. Please add a custom filter or an audioclip to the audiosource (Audio Player Actor Distant V2(Clone)).
Only custom filters can be played. Please add a custom filter or an audioclip to the audiosource (Audio Player Actor Distant V2(Clone)).
The referenced script (Unknown) on this Behaviour is missing!
Could Not Create Action: : Behaviour: Sing:  (Maybe the script was removed?)
Could Not Create Action: : Behaviour: Sing:  (Maybe the script was removed?)
The referenced script on this Behaviour (Game Object 'Gate NPC') is missing!
Unloading 1 Unused Serialized files (Serialized files now loaded: 616)
Unloading 4168 unused Assets to reduce memory usage. Loaded Objects now: 134068.
Total: 171.580318 ms (FindLiveObjects: 14.149086 ms CreateObjectMapping: 8.574533 ms MarkObjects: 126.111302 ms  DeleteObjects: 22.744742 ms)

Only custom filters can be played. Please add a custom filter or an audioclip to the audiosource (Audio Player Actor Distant V2(Clone)).
Only custom filters can be played. Please add a custom filter or an audioclip to the audiosource (Audio Player Actor Distant V2(Clone)).
Only custom filters can be played. Please add a custom filter or an audioclip to the audiosource (Audio Player Actor Distant V2(Clone)).
Only custom filters can be played. Please add a custom filter or an audioclip to the audiosource (Audio Player Actor Distant V2(Clone)).
Only custom filters can be played. Please add a custom filter or an audioclip to the audiosource (Audio Player Actor Distant V2(Clone)).
Only custom filters can be played. Please add a custom filter or an audioclip to the audiosource (Audio Player Actor Distant V2(Clone)).
Only custom filters can be played. Please add a custom filter or an audioclip to the audiosource (Audio Player Actor Distant V2(Clone)).
Only custom filters can be played. Please add a custom filter or an audioclip to the audiosource (Audio Player Actor Distant V2(Clone)).
Only custom filters can be played. Please add a custom filter or an audioclip to the audiosource (Audio Player Actor Distant V2(Clone)).
Only custom filters can be played. Please add a custom filter or an audioclip to the audiosource (Audio Player Actor Distant V2(Clone)).
The referenced script (Unknown) on this Behaviour is missing!
Could Not Create Action: : Behaviour: Sing:  (Maybe the script was removed?)
Could Not Create Action: : Behaviour: Sing:  (Maybe the script was removed?)
The referenced script on this Behaviour (Game Object 'Gate NPC') is missing!
Unloading 1 Unused Serialized files (Serialized files now loaded: 616)
Unloading 4160 unused Assets to reduce memory usage. Loaded Objects now: 134304.
Total: 168.474748 ms (FindLiveObjects: 21.212220 ms CreateObjectMapping: 6.298471 ms MarkObjects: 117.643337 ms  DeleteObjects: 23.320374 ms)

Only custom filters can be played. Please add a custom filter or an audioclip to the audiosource (Audio Player Actor Distant V2(Clone)).
Only custom filters can be played. Please add a custom filter or an audioclip to the audiosource (Audio Player Actor Distant V2(Clone)).
Only custom filters can be played. Please add a custom filter or an audioclip to the audiosource (Audio Player Actor Distant V2(Clone)).
Can not play a disabled audio source
Only custom filters can be played. Please add a custom filter or an audioclip to the audiosource (Audio Player Actor Distant V2(Clone)).
Only custom filters can be played. Please add a custom filter or an audioclip to the audiosource (Audio Player Actor Distant V2(Clone)).
The referenced script (Unknown) on this Behaviour is missing!
Could Not Create Action: : Behaviour: Sing:  (Maybe the script was removed?)
Could Not Create Action: : Behaviour: Sing:  (Maybe the script was removed?)
The referenced script on this Behaviour (Game Object 'Gate NPC') is missing!
Unloading 1 Unused Serialized files (Serialized files now loaded: 616)
Unloading 4154 unused Assets to reduce memory usage. Loaded Objects now: 134318.
Total: 182.766056 ms (FindLiveObjects: 19.758113 ms CreateObjectMapping: 6.080709 ms MarkObjects: 134.414723 ms  DeleteObjects: 22.512198 ms)

Only custom filters can be played. Please add a custom filter or an audioclip to the audiosource (Audio Player Actor Distant V2(Clone)).
Only custom filters can be played. Please add a custom filter or an audioclip to the audiosource (Audio Player Actor Distant V2(Clone)).
Only custom filters can be played. Please add a custom filter or an audioclip to the audiosource (Audio Player Actor Distant V2(Clone)).
Only custom filters can be played. Please add a custom filter or an audioclip to the audiosource (Audio Player Actor Distant V2(Clone)).
The referenced script (Unknown) on this Behaviour is missing!
Could Not Create Action: : Behaviour: Sing:  (Maybe the script was removed?)
Could Not Create Action: : Behaviour: Sing:  (Maybe the script was removed?)
The referenced script on this Behaviour (Game Object 'Gate NPC') is missing!
Unloading 1 Unused Serialized files (Serialized files now loaded: 616)
Unloading 4154 unused Assets to reduce memory usage. Loaded Objects now: 134326.
Total: 170.579577 ms (FindLiveObjects: 9.924870 ms CreateObjectMapping: 4.102046 ms MarkObjects: 134.419487 ms  DeleteObjects: 22.132750 ms)

Only custom filters can be played. Please add a custom filter or an audioclip to the audiosource (Audio Player Actor Distant V2(Clone)).
Only custom filters can be played. Please add a custom filter or an audioclip to the audiosource (Audio Player Actor Distant V2(Clone)).
Only custom filters can be played. Please add a custom filter or an audioclip to the audiosource (Audio Player Actor Distant V2(Clone)).
Only custom filters can be played. Please add a custom filter or an audioclip to the audiosource (Audio Player Actor Distant V2(Clone)).
Only custom filters can be played. Please add a custom filter or an audioclip to the audiosource (Audio Player Actor Distant V2(Clone)).
Only custom filters can be played. Please add a custom filter or an audioclip to the audiosource (Audio Player Actor Distant V2(Clone)).
Only custom filters can be played. Please add a custom filter or an audioclip to the audiosource (Audio Player Actor Distant V2(Clone)).
Only custom filters can be played. Please add a custom filter or an audioclip to the audiosource (Audio Player Actor Distant V2(Clone)).
Only custom filters can be played. Please add a custom filter or an audioclip to the audiosource (Audio Player Actor Distant V2(Clone)).
Only custom filters can be played. Please add a custom filter or an audioclip to the audiosource (Audio Player Actor Distant V2(Clone)).
Only custom filters can be played. Please add a custom filter or an audioclip to the audiosource (Audio Player Actor Distant V2(Clone)).
Only custom filters can be played. Please add a custom filter or an audioclip to the audiosource (Audio Player Actor Distant V2(Clone)).
Only custom filters can be played. Please add a custom filter or an audioclip to the audiosource (Audio Player Actor Distant V2(Clone)).
Only custom filters can be played. Please add a custom filter or an audioclip to the audiosource (Audio Player Actor Distant V2(Clone)).
Only custom filters can be played. Please add a custom filter or an audioclip to the audiosource (Audio Player Actor Distant V2(Clone)).
Only custom filters can be played. Please add a custom filter or an audioclip to the audiosource (Audio Player Actor Distant V2(Clone)).
Only custom filters can be played. Please add a custom filter or an audioclip to the audiosource (Audio Player Actor Distant V2(Clone)).
Only custom filters can be played. Please add a custom filter or an audioclip to the audiosource (Audio Player Actor Distant V2(Clone)).
Only custom filters can be played. Please add a custom filter or an audioclip to the audiosource (Audio Player Actor Distant V2(Clone)).
Only custom filters can be played. Please add a custom filter or an audioclip to the audiosource (Audio Player Actor Distant V2(Clone)).
The referenced script (Unknown) on this Behaviour is missing!
Could Not Create Action: : Behaviour: Sing:  (Maybe the script was removed?)
Could Not Create Action: : Behaviour: Sing:  (Maybe the script was removed?)
The referenced script on this Behaviour (Game Object 'Gate NPC') is missing!
Unloading 1 Unused Serialized files (Serialized files now loaded: 616)
Unloading 4158 unused Assets to reduce memory usage. Loaded Objects now: 134346.
Total: 164.589665 ms (FindLiveObjects: 11.219897 ms CreateObjectMapping: 10.148748 ms MarkObjects: 119.683287 ms  DeleteObjects: 23.537176 ms)

Only custom filters can be played. Please add a custom filter or an audioclip to the audiosource (Audio Player Actor Distant V2(Clone)).
Only custom filters can be played. Please add a custom filter or an audioclip to the audiosource (Audio Player Actor Distant V2(Clone)).
The referenced script (Unknown) on this Behaviour is missing!
Could Not Create Action: : Behaviour: Sing:  (Maybe the script was removed?)
Could Not Create Action: : Behaviour: Sing:  (Maybe the script was removed?)
The referenced script on this Behaviour (Game Object 'Gate NPC') is missing!
Unloading 1 Unused Serialized files (Serialized files now loaded: 616)
Unloading 4156 unused Assets to reduce memory usage. Loaded Objects now: 134356.
Total: 174.811021 ms (FindLiveObjects: 13.775481 ms CreateObjectMapping: 4.320443 ms MarkObjects: 131.279983 ms  DeleteObjects: 25.434177 ms)

Only custom filters can be played. Please add a custom filter or an audioclip to the audiosource (Audio Player Actor Distant V2(Clone)).
Only custom filters can be played. Please add a custom filter or an audioclip to the audiosource (Audio Player Actor Distant V2(Clone)).
Only custom filters can be played. Please add a custom filter or an audioclip to the audiosource (Audio Player Actor Distant V2(Clone)).
Only custom filters can be played. Please add a custom filter or an audioclip to the audiosource (Audio Player Actor Distant V2(Clone)).
Only custom filters can be played. Please add a custom filter or an audioclip to the audiosource (Audio Player Actor Distant V2(Clone)).
Only custom filters can be played. Please add a custom filter or an audioclip to the audiosource (Audio Player Actor Distant V2(Clone)).
Only custom filters can be played. Please add a custom filter or an audioclip to the audiosource (Audio Player Actor Distant V2(Clone)).
The referenced script (Unknown) on this Behaviour is missing!
Could Not Create Action: : Behaviour: Sing:  (Maybe the script was removed?)
Could Not Create Action: : Behaviour: Sing:  (Maybe the script was removed?)
The referenced script on this Behaviour (Game Object 'Gate NPC') is missing!
Unloading 1 Unused Serialized files (Serialized files now loaded: 616)
Unloading 4160 unused Assets to reduce memory usage. Loaded Objects now: 134367.
Total: 170.857947 ms (FindLiveObjects: 15.742399 ms CreateObjectMapping: 4.348688 ms MarkObjects: 125.182344 ms  DeleteObjects: 25.583763 ms)

Only custom filters can be played. Please add a custom filter or an audioclip to the audiosource (Audio Player Actor Distant V2(Clone)).
Only custom filters can be played. Please add a custom filter or an audioclip to the audiosource (Audio Player Actor Distant V2(Clone)).
Only custom filters can be played. Please add a custom filter or an audioclip to the audiosource (Audio Player Actor Distant V2(Clone)).
Can not play a disabled audio source
Only custom filters can be played. Please add a custom filter or an audioclip to the audiosource (Audio Player Actor Distant V2(Clone)).
Can not play a disabled audio source
Can not play a disabled audio source
Only custom filters can be played. Please add a custom filter or an audioclip to the audiosource (Audio Player Actor Distant V2(Clone)).
Only custom filters can be played. Please add a custom filter or an audioclip to the audiosource (Audio Player Actor Distant V2(Clone)).
Only custom filters can be played. Please add a custom filter or an audioclip to the audiosource (Audio Player Actor Distant V2(Clone)).
Only custom filters can be played. Please add a custom filter or an audioclip to the audiosource (Audio Player Actor Distant V2(Clone)).
The referenced script (Unknown) on this Behaviour is missing!
Could Not Create Action: : Behaviour: Sing:  (Maybe the script was removed?)
Could Not Create Action: : Behaviour: Sing:  (Maybe the script was removed?)
The referenced script on this Behaviour (Game Object 'Gate NPC') is missing!
Unloading 1 Unused Serialized files (Serialized files now loaded: 616)
Unloading 4155 unused Assets to reduce memory usage. Loaded Objects now: 134386.
Total: 175.034926 ms (FindLiveObjects: 11.903708 ms CreateObjectMapping: 4.207470 ms MarkObjects: 135.417751 ms  DeleteObjects: 23.505530 ms)

Only custom filters can be played. Please add a custom filter or an audioclip to the audiosource (Audio Player Actor Distant V2(Clone)).
Only custom filters can be played. Please add a custom filter or an audioclip to the audiosource (Audio Player Actor Distant V2(Clone)).
Only custom filters can be played. Please add a custom filter or an audioclip to the audiosource (Audio Player Actor Distant V2(Clone)).
Only custom filters can be played. Please add a custom filter or an audioclip to the audiosource (Audio Player Actor Distant V2(Clone)).
Only custom filters can be played. Please add a custom filter or an audioclip to the audiosource (Audio Player Actor Distant V2(Clone)).
Only custom filters can be played. Please add a custom filter or an audioclip to the audiosource (Audio Player Actor Distant V2(Clone)).
Only custom filters can be played. Please add a custom filter or an audioclip to the audiosource (Audio Player Actor Distant V2(Clone)).
Only custom filters can be played. Please add a custom filter or an audioclip to the audiosource (Audio Player Actor Distant V2(Clone)).
Only custom filters can be played. Please add a custom filter or an audioclip to the audiosource (Audio Player Actor Distant V2(Clone)).
Only custom filters can be played. Please add a custom filter or an audioclip to the audiosource (Audio Player Actor Distant V2(Clone)).
Only custom filters can be played. Please add a custom filter or an audioclip to the audiosource (Audio Player Actor Distant V2(Clone)).
Only custom filters can be played. Please add a custom filter or an audioclip to the audiosource (Audio Player Actor Distant V2(Clone)).
Only custom filters can be played. Please add a custom filter or an audioclip to the audiosource (Audio Player Actor Distant V2(Clone)).
The referenced script (Unknown) on this Behaviour is missing!
Could Not Create Action: : Behaviour: Sing:  (Maybe the script was removed?)
Could Not Create Action: : Behaviour: Sing:  (Maybe the script was removed?)
The referenced script on this Behaviour (Game Object 'Gate NPC') is missing!
Unloading 1 Unused Serialized files (Serialized files now loaded: 616)
Unloading 4156 unused Assets to reduce memory usage. Loaded Objects now: 134391.
Total: 179.208889 ms (FindLiveObjects: 11.532757 ms CreateObjectMapping: 9.443958 ms MarkObjects: 134.727071 ms  DeleteObjects: 23.504368 ms)

Only custom filters can be played. Please add a custom filter or an audioclip to the audiosource (Audio Player Actor Distant V2(Clone)).
Only custom filters can be played. Please add a custom filter or an audioclip to the audiosource (Audio Player Actor Distant V2(Clone)).
Only custom filters can be played. Please add a custom filter or an audioclip to the audiosource (Audio Player Actor Distant V2(Clone)).
Only custom filters can be played. Please add a custom filter or an audioclip to the audiosource (Audio Player Actor Distant V2(Clone)).
Only custom filters can be played. Please add a custom filter or an audioclip to the audiosource (Audio Player Actor Distant V2(Clone)).
Only custom filters can be played. Please add a custom filter or an audioclip to the audiosource (Audio Player Actor Distant V2(Clone)).
Only custom filters can be played. Please add a custom filter or an audioclip to the audiosource (Audio Player Actor Distant V2(Clone)).
Only custom filters can be played. Please add a custom filter or an audioclip to the audiosource (Audio Player Actor Distant V2(Clone)).
Only custom filters can be played. Please add a custom filter or an audioclip to the audiosource (Audio Player Actor Distant V2(Clone)).
Only custom filters can be played. Please add a custom filter or an audioclip to the audiosource (Audio Player Actor Distant V2(Clone)).
Only custom filters can be played. Please add a custom filter or an audioclip to the audiosource (Audio Player Actor Distant V2(Clone)).
Only custom filters can be played. Please add a custom filter or an audioclip to the audiosource (Audio Player Actor Distant V2(Clone)).
Only custom filters can be played. Please add a custom filter or an audioclip to the audiosource (Audio Player Actor Distant V2(Clone)).
The referenced script (Unknown) on this Behaviour is missing!
Could Not Create Action: : Behaviour: Sing:  (Maybe the script was removed?)
Could Not Create Action: : Behaviour: Sing:  (Maybe the script was removed?)
The referenced script on this Behaviour (Game Object 'Gate NPC') is missing!
Unloading 1 Unused Serialized files (Serialized files now loaded: 616)
Unloading 4156 unused Assets to reduce memory usage. Loaded Objects now: 134371.
Total: 170.882858 ms (FindLiveObjects: 12.667200 ms CreateObjectMapping: 8.840347 ms MarkObjects: 128.013739 ms  DeleteObjects: 21.360715 ms)

Only custom filters can be played. Please add a custom filter or an audioclip to the audiosource (Audio Player Actor Distant V2(Clone)).
Only custom filters can be played. Please add a custom filter or an audioclip to the audiosource (Audio Player Actor Distant V2(Clone)).
Only custom filters can be played. Please add a custom filter or an audioclip to the audiosource (Audio Player Actor Distant V2(Clone)).
Can not play a disabled audio source
Only custom filters can be played. Please add a custom filter or an audioclip to the audiosource (Audio Player Actor Distant V2(Clone)).
Only custom filters can be played. Please add a custom filter or an audioclip to the audiosource (Audio Player Actor Distant V2(Clone)).
Only custom filters can be played. Please add a custom filter or an audioclip to the audiosource (Audio Player Actor Distant V2(Clone)).
Can not play a disabled audio source
Only custom filters can be played. Please add a custom filter or an audioclip to the audiosource (Audio Player Actor Distant V2(Clone)).
Only custom filters can be played. Please add a custom filter or an audioclip to the audiosource (Audio Player Actor Distant V2(Clone)).
Only custom filters can be played. Please add a custom filter or an audioclip to the audiosource (Audio Player Actor Distant V2(Clone)).
The referenced script (Unknown) on this Behaviour is missing!
Could Not Create Action: : Behaviour: Sing:  (Maybe the script was removed?)
Could Not Create Action: : Behaviour: Sing:  (Maybe the script was removed?)
The referenced script on this Behaviour (Game Object 'Gate NPC') is missing!
Unloading 1 Unused Serialized files (Serialized files now loaded: 616)
Unloading 4163 unused Assets to reduce memory usage. Loaded Objects now: 134385.
Total: 181.640653 ms (FindLiveObjects: 10.757030 ms CreateObjectMapping: 10.164823 ms MarkObjects: 135.722126 ms  DeleteObjects: 24.996269 ms)

Only custom filters can be played. Please add a custom filter or an audioclip to the audiosource (Audio Player Actor Distant V2(Clone)).
Only custom filters can be played. Please add a custom filter or an audioclip to the audiosource (Audio Player Actor Distant V2(Clone)).
Only custom filters can be played. Please add a custom filter or an audioclip to the audiosource (Audio Player Actor Distant V2(Clone)).
Only custom filters can be played. Please add a custom filter or an audioclip to the audiosource (Audio Player Actor Distant V2(Clone)).
Only custom filters can be played. Please add a custom filter or an audioclip to the audiosource (Audio Player Actor Distant V2(Clone)).
The referenced script (Unknown) on this Behaviour is missing!
Could Not Create Action: : Behaviour: Sing:  (Maybe the script was removed?)
Could Not Create Action: : Behaviour: Sing:  (Maybe the script was removed?)
The referenced script on this Behaviour (Game Object 'Gate NPC') is missing!
Unloading 1 Unused Serialized files (Serialized files now loaded: 616)
Unloading 4154 unused Assets to reduce memory usage. Loaded Objects now: 134393.
Total: 167.137487 ms (FindLiveObjects: 10.151047 ms CreateObjectMapping: 4.229582 ms MarkObjects: 127.947380 ms  DeleteObjects: 24.808762 ms)

Only custom filters can be played. Please add a custom filter or an audioclip to the audiosource (Audio Player Actor Distant V2(Clone)).
Only custom filters can be played. Please add a custom filter or an audioclip to the audiosource (Audio Player Actor Distant V2(Clone)).
Only custom filters can be played. Please add a custom filter or an audioclip to the audiosource (Audio Player Actor Distant V2(Clone)).
Only custom filters can be played. Please add a custom filter or an audioclip to the audiosource (Audio Player Actor Distant V2(Clone)).
Unloading 1 Unused Serialized files (Serialized files now loaded: 619)
Unloading 2696 unused Assets to reduce memory usage. Loaded Objects now: 134406.
Total: 149.294353 ms (FindLiveObjects: 9.482221 ms CreateObjectMapping: 9.380218 ms MarkObjects: 119.326996 ms  DeleteObjects: 11.104570 ms)

